"""
Interleaved next-token LeJEPA ablation forked from train_normuon.py.

LeJEPA updates:
- no CE loss, no stop-grad target, no EMA, no negatives
- encode the causal token sequence once and predict the projected next-token
  embedding from the current causal hidden state
- add sample-count-scaled SIGReg over sampled context, target, and token-codebook
  latents

Detached CE probe updates:
- freeze the learned representation by detaching hidden states
- train only a small linear next-token CE probe/head
- run one detached probe update after every LEJEPA_STEPS_PER_PROBE LeJEPA updates
- validation reports detached probe CE/BPB as the primary val metrics and under
  the probe TensorBoard category
"""

from __future__ import annotations

import copy
import io
import os
import random
import subprocess
import sys
import time
import zlib
from pathlib import Path

import numpy as np
import sentencepiece as spm
import torch
import torch.distributed as dist
import torch.nn.functional as F
from torch import Tensor, nn
from torch.distributed.nn.functional import all_reduce as differentiable_all_reduce
from torch.nn.parallel import DistributedDataParallel as DDP
from torch.utils.checkpoint import checkpoint

sys.path.insert(0, str(Path(__file__).resolve().parent))
import train_normuon as base  # noqa: E402


class Hyperparameters(base.Hyperparameters):
    lejepa_steps_per_probe = int(os.environ.get("LEJEPA_STEPS_PER_PROBE", "10"))
    lejepa_lr = float(os.environ.get("LEJEPA_LR", "0.0001"))
    lejepa_weight_decay = float(os.environ.get("LEJEPA_WEIGHT_DECAY", "0.05"))
    lejepa_probe_lr = float(os.environ.get("LEJEPA_PROBE_LR", os.environ.get("HEAD_LR", "0.02")))
    pure_lejepa_lambda = float(os.environ.get("PURE_LEJEPA_LAMBDA", "0.002"))
    pure_lejepa_proj_dim = int(os.environ.get("PURE_LEJEPA_PROJ_DIM", "128"))
    pure_lejepa_proj_hidden = int(
        os.environ.get(
            "PURE_LEJEPA_PROJ_HIDDEN",
            str(2 * int(os.environ.get("PURE_LEJEPA_PROJ_DIM", "128"))),
        )
    )
    pure_lejepa_proj_dropout = float(os.environ.get("PURE_LEJEPA_PROJ_DROPOUT", "0.0"))
    pure_lejepa_pred_hidden = int(
        os.environ.get("PURE_LEJEPA_PRED_HIDDEN", os.environ.get("PURE_LEJEPA_PROJ_HIDDEN", str(pure_lejepa_proj_hidden)))
    )
    pure_lejepa_sigreg_slices = int(os.environ.get("PURE_LEJEPA_SIGREG_SLICES", "1024"))
    pure_lejepa_sigreg_points = int(os.environ.get("PURE_LEJEPA_SIGREG_POINTS", "17"))
    pure_lejepa_sigreg_t_max = float(os.environ.get("PURE_LEJEPA_SIGREG_T_MAX", "5.0"))
    pure_lejepa_sigreg_tokens = int(os.environ.get("PURE_LEJEPA_SIGREG_TOKENS", "1024"))
    pure_lejepa_sigreg_slice_chunk = int(os.environ.get("PURE_LEJEPA_SIGREG_SLICE_CHUNK", "256"))

    if not base.Hyperparameters.tie_embeddings:
        raise ValueError("Pure LeJEPA text-view ablation keeps the baseline tied embedding setup; set TIE_EMBEDDINGS=1")
    if lejepa_steps_per_probe <= 0:
        raise ValueError(f"LEJEPA_STEPS_PER_PROBE must be positive, got {lejepa_steps_per_probe}")
    if lejepa_lr <= 0.0:
        raise ValueError(f"LEJEPA_LR must be positive, got {lejepa_lr}")
    if lejepa_weight_decay < 0.0:
        raise ValueError(f"LEJEPA_WEIGHT_DECAY must be non-negative, got {lejepa_weight_decay}")
    if lejepa_probe_lr <= 0.0:
        raise ValueError(f"LEJEPA_PROBE_LR must be positive, got {lejepa_probe_lr}")
    if pure_lejepa_lambda < 0.0 or pure_lejepa_lambda > 1.0:
        raise ValueError(f"PURE_LEJEPA_LAMBDA must be in [0, 1], got {pure_lejepa_lambda}")
    if pure_lejepa_proj_dim <= 0:
        raise ValueError(f"PURE_LEJEPA_PROJ_DIM must be positive, got {pure_lejepa_proj_dim}")
    if pure_lejepa_proj_hidden <= 0:
        raise ValueError(f"PURE_LEJEPA_PROJ_HIDDEN must be positive, got {pure_lejepa_proj_hidden}")
    if pure_lejepa_pred_hidden <= 0:
        raise ValueError(f"PURE_LEJEPA_PRED_HIDDEN must be positive, got {pure_lejepa_pred_hidden}")
    if pure_lejepa_proj_dropout < 0.0 or pure_lejepa_proj_dropout >= 1.0:
        raise ValueError(f"PURE_LEJEPA_PROJ_DROPOUT must be in [0, 1), got {pure_lejepa_proj_dropout}")
    if pure_lejepa_sigreg_slices <= 0:
        raise ValueError(f"PURE_LEJEPA_SIGREG_SLICES must be positive, got {pure_lejepa_sigreg_slices}")
    if pure_lejepa_sigreg_points < 2:
        raise ValueError(f"PURE_LEJEPA_SIGREG_POINTS must be at least 2, got {pure_lejepa_sigreg_points}")
    if pure_lejepa_sigreg_t_max <= 0.0:
        raise ValueError(f"PURE_LEJEPA_SIGREG_T_MAX must be positive, got {pure_lejepa_sigreg_t_max}")
    if pure_lejepa_sigreg_tokens <= 0:
        raise ValueError(f"PURE_LEJEPA_SIGREG_TOKENS must be positive, got {pure_lejepa_sigreg_tokens}")
    if pure_lejepa_sigreg_slice_chunk <= 0:
        raise ValueError(
            f"PURE_LEJEPA_SIGREG_SLICE_CHUNK must be positive, got {pure_lejepa_sigreg_slice_chunk}"
        )


class LeJEPATextProjector(nn.Module):
    def __init__(self, input_dim: int, hidden_dim: int, output_dim: int, dropout: float):
        super().__init__()
        self.dropout = nn.Dropout(dropout)
        self.fc1 = base.CastedLinear(input_dim, hidden_dim, bias=False)
        self.fc2 = base.CastedLinear(hidden_dim, output_dim, bias=False)

    def forward(self, x: Tensor) -> Tensor:
        x = self.dropout(x)
        x = F.rms_norm(x, (x.size(-1),))
        x = F.gelu(self.fc1(x))
        x = F.rms_norm(x, (x.size(-1),))
        return self.fc2(x)


class LeJEPANextTokenPredictor(nn.Module):
    def __init__(self, input_dim: int, hidden_dim: int, output_dim: int, dropout: float):
        super().__init__()
        self.dropout = nn.Dropout(dropout)
        self.fc1 = base.CastedLinear(input_dim, hidden_dim, bias=False)
        self.fc2 = base.CastedLinear(hidden_dim, output_dim, bias=False)
        nn.init.zeros_(self.fc2.weight)

    def forward(self, x: Tensor) -> Tensor:
        x = self.dropout(x)
        x = F.rms_norm(x, (x.size(-1),))
        x = F.gelu(self.fc1(x))
        x = F.rms_norm(x, (x.size(-1),))
        return self.fc2(x)


class PureLeJEPATextViewsGPT(base.GPT):
    def __init__(self, args: Hyperparameters):
        super().__init__(
            vocab_size=args.vocab_size,
            num_layers=args.num_layers,
            model_dim=args.model_dim,
            num_heads=args.num_heads,
            num_kv_heads=args.num_kv_heads,
            mlp_mult=args.mlp_mult,
            tie_embeddings=True,
            tied_embed_init_std=args.tied_embed_init_std,
            logit_softcap=args.logit_softcap,
            rope_base=args.rope_base,
            qk_gain_init=args.qk_gain_init,
        )
        self.lm_head = None
        self.stage = "lejepa"
        self.lejepa_lambda = float(args.pure_lejepa_lambda)
        self.sigreg_tokens = int(args.pure_lejepa_sigreg_tokens)
        self.sigreg_slice_chunk = int(args.pure_lejepa_sigreg_slice_chunk)
        self.eval_head = "probe"
        self.collect_lejepa_diagnostics = False
        self.projector = LeJEPATextProjector(
            input_dim=args.model_dim,
            hidden_dim=args.pure_lejepa_proj_hidden,
            output_dim=args.pure_lejepa_proj_dim,
            dropout=args.pure_lejepa_proj_dropout,
        )
        self.predictor = LeJEPANextTokenPredictor(
            input_dim=args.model_dim,
            hidden_dim=args.pure_lejepa_pred_hidden,
            output_dim=args.pure_lejepa_proj_dim,
            dropout=args.pure_lejepa_proj_dropout,
        )
        self.probe_head = base.CastedLinear(args.model_dim, args.vocab_size, bias=False)
        nn.init.zeros_(self.probe_head.weight)

        dirs = torch.randn(args.pure_lejepa_sigreg_slices, args.pure_lejepa_proj_dim, dtype=torch.float32)
        dirs = F.normalize(dirs, dim=-1)
        if args.pure_lejepa_sigreg_points % 2 == 1:
            t = torch.linspace(
                0.0,
                args.pure_lejepa_sigreg_t_max,
                args.pure_lejepa_sigreg_points // 2 + 1,
                dtype=torch.float32,
            )
            sigreg_integral_factor = 2.0
        else:
            t = torch.linspace(
                -args.pure_lejepa_sigreg_t_max,
                args.pure_lejepa_sigreg_t_max,
                args.pure_lejepa_sigreg_points,
                dtype=torch.float32,
            )
            sigreg_integral_factor = 1.0
        self.register_buffer("sigreg_dirs", dirs, persistent=False)
        self.register_buffer("sigreg_t", t, persistent=False)
        self.register_buffer(
            "sigreg_integral_factor",
            torch.tensor(sigreg_integral_factor, dtype=torch.float32),
            persistent=False,
        )
        self.register_buffer("last_loss", torch.zeros((), dtype=torch.float32), persistent=False)
        self.register_buffer("last_inv_loss", torch.zeros((), dtype=torch.float32), persistent=False)
        self.register_buffer("last_sigreg_loss", torch.zeros((), dtype=torch.float32), persistent=False)
        self.register_buffer("last_view_norm", torch.zeros((), dtype=torch.float32), persistent=False)
        self.register_buffer("last_global_cos", torch.zeros((), dtype=torch.float32), persistent=False)
        self.register_buffer("last_local_cos", torch.zeros((), dtype=torch.float32), persistent=False)
        self.register_buffer("last_view_spread", torch.zeros((), dtype=torch.float32), persistent=False)
        self.register_buffer("last_view_eff_rank", torch.zeros((), dtype=torch.float32), persistent=False)
        self.register_buffer("last_view_eff_rank_ratio", torch.zeros((), dtype=torch.float32), persistent=False)
        self.register_buffer("last_sigreg_view_eff_rank", torch.zeros((), dtype=torch.float32), persistent=False)
        self.register_buffer("last_sigreg_view_eff_rank_ratio", torch.zeros((), dtype=torch.float32), persistent=False)
        self.register_buffer("last_sigreg_samples", torch.zeros((), dtype=torch.float32), persistent=False)
        self.register_buffer("last_global_mask_jaccard", torch.zeros((), dtype=torch.float32), persistent=False)
        self.register_buffer("last_local_mask_jaccard", torch.zeros((), dtype=torch.float32), persistent=False)
        self.register_buffer("last_global_pooled_cos", torch.zeros((), dtype=torch.float32), persistent=False)
        self.register_buffer("last_local_pooled_cos", torch.zeros((), dtype=torch.float32), persistent=False)
        self.register_buffer("last_probe_loss", torch.zeros((), dtype=torch.float32), persistent=False)
        self.register_buffer("last_probe_acc", torch.zeros((), dtype=torch.float32), persistent=False)
        self.register_buffer("last_probe_entropy", torch.zeros((), dtype=torch.float32), persistent=False)

    def set_stage(self, stage: str) -> None:
        if stage not in {"lejepa", "probe"}:
            raise ValueError(f"unknown stage {stage!r}")
        self.stage = stage

    def set_eval_head(self, eval_head: str) -> None:
        if eval_head not in {"native", "probe"}:
            raise ValueError(f"unknown eval head {eval_head!r}")
        self.eval_head = eval_head

    def clear_rotary_caches(self) -> None:
        for module in self.modules():
            if hasattr(module, "_cos_cached"):
                module._cos_cached = None
            if hasattr(module, "_sin_cached"):
                module._sin_cached = None
            if hasattr(module, "_seq_len_cached"):
                module._seq_len_cached = 0

    def encode_hidden(self, input_ids: Tensor, input_mask: Tensor | None = None) -> Tensor:
        x = self.tok_emb(input_ids)
        if input_mask is not None:
            x = x * input_mask.to(dtype=x.dtype).unsqueeze(-1)
        x = F.rms_norm(x, (x.size(-1),))
        x0 = x
        skips: list[Tensor] = []
        checkpoint_blocks = self.training and self.stage == "lejepa"
        for i in range(self.num_encoder_layers):
            block = self.blocks[i]
            x = checkpoint(block, x, x0, use_reentrant=False) if checkpoint_blocks else block(x, x0)
            skips.append(x)
        for i in range(self.num_decoder_layers):
            if skips:
                x = x + self.skip_weights[i].to(dtype=x.dtype)[None, None, :] * skips.pop()
            block = self.blocks[self.num_encoder_layers + i]
            x = checkpoint(block, x, x0, use_reentrant=False) if checkpoint_blocks else block(x, x0)
        return self.final_norm(x)

    def _sample_token_latents(self, latents: Tensor) -> Tensor:
        flat = latents.reshape(-1, latents.size(-1))
        sample_count = min(flat.size(0), self.sigreg_tokens)
        if flat.size(0) > sample_count:
            stride = max(flat.size(0) // sample_count, 1)
            flat = flat[::stride][:sample_count]
        return flat

    def _sample_vocab_latents(self, device: torch.device, sample_count: int) -> Tensor:
        vocab = self.tok_emb.weight
        sample_count = min(vocab.size(0), sample_count)
        if vocab.size(0) > sample_count:
            idx = torch.randint(vocab.size(0), (sample_count,), device=device)
            vocab = vocab.index_select(0, idx)
        return self.projector(vocab)

    def _sample_views_for_sigreg(self, views: Tensor) -> Tensor:
        view_count, samples_per_view, dim = views.shape
        if samples_per_view <= self.sigreg_tokens:
            return views
        stride = max(samples_per_view // self.sigreg_tokens, 1)
        return views[:, ::stride, :][:, : self.sigreg_tokens, :].reshape(view_count, -1, dim)

    def sigreg_loss(self, views: Tensor) -> Tensor:
        samples = self._sample_views_for_sigreg(views).float()
        dirs = self.sigreg_dirs.to(device=samples.device, dtype=torch.float32)
        t = self.sigreg_t.to(device=samples.device, dtype=torch.float32)
        gaussian_cf = torch.exp(-0.5 * t.square()).view(1, 1, -1)

        count = torch.tensor(float(samples.size(1)), device=samples.device, dtype=torch.float32)
        if dist.is_available() and dist.is_initialized():
            count = differentiable_all_reduce(count, op=dist.ReduceOp.SUM)

        integral_sum = torch.zeros(samples.size(0), device=samples.device, dtype=torch.float32)
        slice_count = 0
        for dirs_chunk in dirs.split(self.sigreg_slice_chunk, dim=0):
            proj = torch.einsum("vnd,md->vnm", samples, dirs_chunk)
            angles = proj.unsqueeze(-1) * t.view(1, 1, 1, -1)
            real_sum = torch.cos(angles).sum(dim=1)
            imag_sum = torch.sin(angles).sum(dim=1)
            if dist.is_available() and dist.is_initialized():
                real_sum = differentiable_all_reduce(real_sum, op=dist.ReduceOp.SUM)
                imag_sum = differentiable_all_reduce(imag_sum, op=dist.ReduceOp.SUM)
            real = real_sum / count.clamp_min(1.0)
            imag = imag_sum / count.clamp_min(1.0)
            err = (real - gaussian_cf).square() + imag.square()
            integral = self.sigreg_integral_factor.to(device=samples.device) * torch.trapz(
                err * gaussian_cf,
                t,
                dim=-1,
            )
            integral_sum = integral_sum + integral.sum(dim=-1)
            slice_count += dirs_chunk.size(0)
        per_view = count * integral_sum / max(slice_count, 1)
        self.last_sigreg_samples.copy_(count.detach())
        return per_view.mean()

    def effective_rank(self, samples: Tensor) -> Tensor:
        with torch.autocast(device_type=samples.device.type, enabled=False):
            samples = samples.to(dtype=torch.float32)
            centered = samples - samples.mean(dim=0, keepdim=True)
            cov = (centered.T @ centered) / max(samples.size(0) - 1, 1)
            eig = torch.linalg.eigvalsh(cov).clamp_min(0.0)
            eig_norm = eig / eig.sum().clamp_min(1e-12)
            return torch.exp(-(eig_norm * eig_norm.clamp_min(1e-12).log()).sum())

    @torch.no_grad()
    def resample_sigreg_dirs(self, step: int) -> None:
        device = self.sigreg_dirs.device
        dtype = self.sigreg_dirs.dtype
        generator = torch.Generator(device=device)
        generator.manual_seed(int(step))
        dirs = torch.randn(self.sigreg_dirs.shape, generator=generator, device=device, dtype=torch.float32)
        dirs = dirs / dirs.norm(dim=-1, keepdim=True).clamp_min(1e-8)
        self.sigreg_dirs.copy_(dirs.to(dtype=dtype))

    def training_loss(self, input_ids: Tensor) -> Tensor:
        hidden = self.encode_hidden(input_ids)
        bsz, seqlen, hidden_dim = hidden.shape
        context_hidden = hidden[:, :-1]
        context = self.projector(context_hidden.reshape(-1, hidden_dim)).reshape(bsz, seqlen - 1, -1)
        target_tokens = self.tok_emb(input_ids[:, 1:])
        target = self.projector(target_tokens.reshape(-1, hidden_dim)).reshape_as(context)
        pred = self.predictor(context_hidden.reshape(-1, hidden_dim)).reshape_as(target)

        inv_loss = (pred.float() - target.float()).square().mean()
        context_samples = self._sample_token_latents(context)
        target_samples = self._sample_token_latents(target)
        vocab_samples = self._sample_vocab_latents(input_ids.device, context_samples.size(0))
        sigreg_views = torch.stack([context_samples, target_samples, vocab_samples], dim=0)
        sigreg_loss = self.sigreg_loss(sigreg_views)
        loss = (1.0 - self.lejepa_lambda) * inv_loss + self.lejepa_lambda * sigreg_loss

        with torch.no_grad():
            target_f = target.float()
            pred_f = pred.float()
            context_f = context.float()
            view_norm = target_f.norm(dim=-1).mean()
            global_cos = (
                F.normalize(pred_f, dim=-1) * F.normalize(target_f, dim=-1)
            ).sum(dim=-1).mean()
            local_cos = (
                F.normalize(context_f, dim=-1) * F.normalize(target_f, dim=-1)
            ).sum(dim=-1).mean()
            view_spread = (pred_f - target_f).square().sum(dim=-1).sqrt().mean()

        self.last_loss.copy_(loss.detach())
        self.last_inv_loss.copy_(inv_loss.detach())
        self.last_sigreg_loss.copy_(sigreg_loss.detach())
        self.last_view_norm.copy_(view_norm)
        self.last_global_cos.copy_(global_cos)
        self.last_local_cos.copy_(local_cos)
        self.last_view_spread.copy_(view_spread)
        if self.collect_lejepa_diagnostics:
            with torch.no_grad():
                view_eff_rank = torch.stack([self.effective_rank(view) for view in sigreg_views]).mean()
                view_rank_denom = min(max(sigreg_views.size(1) - 1, 1), sigreg_views.size(-1))
                view_eff_rank_ratio = view_eff_rank / max(view_rank_denom, 1)
                sigreg_view_eff_rank = view_eff_rank
                sigreg_view_eff_rank_ratio = view_eff_rank_ratio
                global_mask_jaccard = torch.zeros((), device=hidden.device, dtype=torch.float32)
                local_mask_jaccard = torch.zeros((), device=hidden.device, dtype=torch.float32)
                global_pooled_cos = global_cos
                local_pooled_cos = local_cos
            self.last_view_eff_rank.copy_(view_eff_rank)
            self.last_view_eff_rank_ratio.copy_(view_eff_rank_ratio)
            self.last_sigreg_view_eff_rank.copy_(sigreg_view_eff_rank)
            self.last_sigreg_view_eff_rank_ratio.copy_(sigreg_view_eff_rank_ratio)
            self.last_global_mask_jaccard.copy_(global_mask_jaccard.mean())
            self.last_local_mask_jaccard.copy_(local_mask_jaccard.mean())
            self.last_global_pooled_cos.copy_(global_pooled_cos)
            self.last_local_pooled_cos.copy_(local_pooled_cos)
        return loss

    def probe_ce_loss(self, input_ids: Tensor, target_ids: Tensor, detach_hidden: bool) -> Tensor:
        if detach_hidden:
            with torch.no_grad():
                hidden = self.encode_hidden(input_ids)
        else:
            hidden = self.encode_hidden(input_ids)
        logits = self.probe_head(hidden.reshape(-1, hidden.size(-1)))
        logits = self.logit_softcap * torch.tanh(logits / self.logit_softcap)
        targets = target_ids.reshape(-1)
        loss = F.cross_entropy(logits.float(), targets, reduction="mean")

        with torch.no_grad():
            probs = logits.float().softmax(dim=-1)
            entropy = -(probs * probs.clamp_min(1e-12).log()).sum(dim=-1).mean()
            acc = (logits.argmax(dim=-1) == targets).float().mean()
        self.last_probe_loss.copy_(loss.detach())
        self.last_probe_acc.copy_(acc)
        self.last_probe_entropy.copy_(entropy)
        return loss

    def native_ce_loss(self, input_ids: Tensor, target_ids: Tensor) -> Tensor:
        hidden = self.encode_hidden(input_ids)
        logits = F.linear(hidden.reshape(-1, hidden.size(-1)), self.tok_emb.weight)
        logits = self.logit_softcap * torch.tanh(logits / self.logit_softcap)
        return F.cross_entropy(logits.float(), target_ids.reshape(-1), reduction="mean")

    def forward(self, input_ids: Tensor, target_ids: Tensor) -> Tensor:
        if self.training and self.stage == "lejepa":
            return self.training_loss(input_ids)
        if not self.training and self.eval_head == "native":
            return self.native_ce_loss(input_ids, target_ids)
        return self.probe_ce_loss(input_ids, target_ids, detach_hidden=self.training)

    @torch.no_grad()
    def token_view_diagnostics(self) -> dict[str, float]:
        was_training = self.projector.training
        self.projector.eval()
        tok = self.projector(self.tok_emb.weight).float()
        if was_training:
            self.projector.train()
        tok_centered = tok - tok.mean(dim=0, keepdim=True)
        cov = (tok_centered.T @ tok_centered) / max(tok.size(0) - 1, 1)
        eig = torch.linalg.eigvalsh(cov).clamp_min(0.0)
        eig_norm = eig / eig.sum().clamp_min(1e-12)
        eff_rank = torch.exp(-(eig_norm * eig_norm.clamp_min(1e-12).log()).sum())
        tok_unit = F.normalize(tok, dim=-1)
        cos_mat = tok_unit @ tok_unit.T
        vocab = cos_mat.size(0)
        cos_off = (cos_mat.sum() - cos_mat.diag().sum()) / max(cos_mat.numel() - vocab, 1)
        return {
            "token_view_norm_mean": float(tok.norm(dim=-1).mean().item()),
            "token_view_norm_std": float(tok.norm(dim=-1).std(correction=0).item()),
            "token_view_dim_std_mean": float(tok.std(dim=0, correction=0).mean().item()),
            "token_view_eff_rank": float(eff_rank.item()),
            "token_view_eff_rank_ratio": float((eff_rank / tok.size(-1)).item()),
            "token_view_cos_off_mean": float(cos_off.item()),
            "dirs_sum": float(self.sigreg_dirs.to(torch.float32).sum().item()),
        }


def main() -> None:
    code = Path(__file__).read_text(encoding="utf-8")
    args = Hyperparameters()
    base.zeropower_via_newtonschulz5 = torch.compile(base.zeropower_via_newtonschulz5)

    distributed = "RANK" in os.environ and "WORLD_SIZE" in os.environ
    rank = int(os.environ.get("RANK", "0"))
    world_size = int(os.environ.get("WORLD_SIZE", "1"))
    local_rank = int(os.environ.get("LOCAL_RANK", "0"))
    if world_size <= 0:
        raise ValueError(f"WORLD_SIZE must be positive, got {world_size}")
    if 8 % world_size != 0:
        raise ValueError(f"WORLD_SIZE={world_size} must divide 8 so grad_accum_steps stays integral")
    grad_accum_steps = 8 // world_size
    grad_scale = 1.0 / grad_accum_steps
    if not torch.cuda.is_available():
        raise RuntimeError("CUDA is required")
    device = torch.device("cuda", local_rank)
    torch.cuda.set_device(device)
    if distributed:
        dist.init_process_group(backend="nccl", device_id=device)
        dist.barrier()
    master_process = rank == 0

    torch.backends.cuda.matmul.allow_tf32 = True
    torch.backends.cudnn.allow_tf32 = True
    from torch.backends.cuda import enable_cudnn_sdp, enable_flash_sdp, enable_math_sdp, enable_mem_efficient_sdp

    enable_cudnn_sdp(False)
    enable_flash_sdp(True)
    enable_mem_efficient_sdp(False)
    enable_math_sdp(False)

    logfile = None
    if master_process:
        os.makedirs("logs", exist_ok=True)
        logfile = f"logs/{args.run_id}.txt"
        print(logfile)

    def log0(msg: str, console: bool = True) -> None:
        if not master_process:
            return
        if console:
            print(msg)
        if logfile is not None:
            with open(logfile, "a", encoding="utf-8") as f:
                print(msg, file=f)

    log0(code, console=False)
    log0("=" * 100, console=False)
    log0(f"Running Python {sys.version}", console=False)
    log0(f"Running PyTorch {torch.__version__}", console=False)
    log0(
        subprocess.run(["nvidia-smi"], stdout=subprocess.PIPE, stderr=subprocess.PIPE, text=True, check=False).stdout,
        console=False,
    )
    log0("=" * 100, console=False)

    random.seed(args.seed)
    np.random.seed(args.seed)
    torch.manual_seed(args.seed)
    torch.cuda.manual_seed_all(args.seed)

    if not args.tokenizer_path.endswith(".model"):
        raise ValueError(f"Script only setup for SentencePiece .model file: {args.tokenizer_path}")
    sp = spm.SentencePieceProcessor(model_file=args.tokenizer_path)
    if int(sp.vocab_size()) != args.vocab_size:
        raise ValueError(
            f"VOCAB_SIZE={args.vocab_size} does not match tokenizer vocab_size={int(sp.vocab_size())}"
        )
    dataset_dir = Path(args.data_path).resolve()
    actual_train_files = len(list(dataset_dir.glob("fineweb_train_*.bin")))
    val_tokens = base.load_validation_tokens(args.val_files, args.train_seq_len)
    base_bytes_lut, has_leading_space_lut, is_boundary_token_lut = base.build_sentencepiece_luts(
        sp, args.vocab_size, device
    )
    log0(f"val_bpb:enabled tokenizer_kind=sentencepiece tokenizer_path={args.tokenizer_path}")
    log0(f"train_loader:dataset:{dataset_dir.name} train_shards:{actual_train_files}")
    log0(f"val_loader:shards pattern={args.val_files} tokens:{val_tokens.numel() - 1}")

    base_model = PureLeJEPATextViewsGPT(args).to(device).bfloat16()
    for module in base_model.modules():
        if isinstance(module, base.CastedLinear):
            module.float()
    base.restore_low_dim_params_to_fp32(base_model)
    compiled_model = torch.compile(base_model, dynamic=False, fullgraph=False)
    model: nn.Module = (
        DDP(compiled_model, device_ids=[local_rank], broadcast_buffers=False, find_unused_parameters=True)
        if distributed
        else compiled_model
    )
    eval_model: nn.Module = base_model

    named_params = list(base_model.named_parameters())
    probe_param_names = {"probe_head.weight"}
    lejepa_params = [
        p
        for name, p in named_params
        if name not in probe_param_names
    ]
    optimizer_lejepa = torch.optim.AdamW(
        [
            {
                "params": lejepa_params,
                "lr": args.lejepa_lr,
                "base_lr": args.lejepa_lr,
                "weight_decay": args.lejepa_weight_decay,
            }
        ],
        betas=(args.beta1, args.beta2),
        eps=args.adam_eps,
        fused=True,
    )
    optimizer_probe = torch.optim.Adam(
        [{"params": [base_model.probe_head.weight], "lr": args.lejepa_probe_lr, "base_lr": args.lejepa_probe_lr}],
        betas=(args.beta1, args.beta2),
        eps=args.adam_eps,
        fused=True,
    )
    pretrain_optimizers: list[torch.optim.Optimizer] = [optimizer_lejepa]
    probe_optimizers: list[torch.optim.Optimizer] = [optimizer_probe]
    optimizers: list[torch.optim.Optimizer] = pretrain_optimizers + probe_optimizers

    n_params = sum(p.numel() for p in base_model.parameters())
    log0(f"model_params:{n_params}")
    log0(f"world_size:{world_size} grad_accum_steps:{grad_accum_steps}")
    log0("sdp_backends:cudnn=False flash=True mem_efficient=False math=False")
    log0(f"attention_mode:gqa num_heads:{args.num_heads} num_kv_heads:{args.num_kv_heads}")
    log0(
        f"pure_lejepa_nexttoken:lambda={args.pure_lejepa_lambda} proj_dim={args.pure_lejepa_proj_dim} "
        f"proj_hidden={args.pure_lejepa_proj_hidden} proj_dropout={args.pure_lejepa_proj_dropout} "
        f"pred_hidden={args.pure_lejepa_pred_hidden} "
        f"schedule=interleaved lejepa_steps_per_probe={args.lejepa_steps_per_probe} "
        f"lejepa_lr={args.lejepa_lr} "
        f"lejepa_weight_decay={args.lejepa_weight_decay} probe_lr={args.lejepa_probe_lr} "
        f"sigreg_slices={args.pure_lejepa_sigreg_slices} sigreg_points={args.pure_lejepa_sigreg_points} "
        f"sigreg_t_max={args.pure_lejepa_sigreg_t_max} sigreg_tokens={args.pure_lejepa_sigreg_tokens} "
        f"sigreg_slice_chunk={args.pure_lejepa_sigreg_slice_chunk} "
        f"sigreg_effective_t_points={base_model.sigreg_t.numel()} "
        f"target=next_token_embedding_latent head=detached_online_linear_probe"
    )
    log0(
        f"tie_embeddings:{args.tie_embeddings} lejepa_optimizer:adamw lejepa_lr:{args.lejepa_lr} "
        f"probe_lr:{args.lejepa_probe_lr}"
    )
    log0(
        f"train_batch_tokens:{args.train_batch_tokens} train_seq_len:{args.train_seq_len} "
        f"iterations:{args.iterations} warmup_steps:{args.warmup_steps} "
        f"max_wallclock_seconds:{args.max_wallclock_seconds:.3f}"
    )
    log0(f"seed:{args.seed}")

    train_loader = base.DistributedTokenLoader(args.train_files, rank, world_size, device)

    def zero_grad_all() -> None:
        for opt in optimizers:
            opt.zero_grad(set_to_none=True)

    max_wallclock_ms = 1000.0 * args.max_wallclock_seconds if args.max_wallclock_seconds > 0 else None

    def lr_mul(step: int, elapsed_ms: float) -> float:
        if args.warmdown_iters <= 0:
            return 1.0
        if max_wallclock_ms is None:
            warmdown_start = max(args.iterations - args.warmdown_iters, 0)
            if warmdown_start <= step < args.iterations:
                return max((args.iterations - step) / max(args.warmdown_iters, 1), 0.0)
            return 1.0
        step_ms = elapsed_ms / max(step, 1)
        warmdown_ms = args.warmdown_iters * step_ms
        remaining_ms = max(max_wallclock_ms - elapsed_ms, 0.0)
        return remaining_ms / max(warmdown_ms, 1e-9) if remaining_ms <= warmdown_ms else 1.0

    if args.warmup_steps > 0:
        initial_model_state = {name: tensor.detach().cpu().clone() for name, tensor in base_model.state_dict().items()}
        initial_optimizer_states = [copy.deepcopy(opt.state_dict()) for opt in optimizers]
        model.train()
        base_model.set_stage("lejepa")
        for warmup_step in range(args.warmup_steps):
            base_model.resample_sigreg_dirs(warmup_step)
            zero_grad_all()
            for micro_step in range(grad_accum_steps):
                if distributed:
                    model.require_backward_grad_sync = micro_step == grad_accum_steps - 1
                x, y = train_loader.next_batch(args.train_batch_tokens, args.train_seq_len, grad_accum_steps)
                with torch.autocast(device_type="cuda", dtype=torch.bfloat16, enabled=True):
                    warmup_loss = model(x, y)
                (warmup_loss * grad_scale).backward()
            for opt in pretrain_optimizers:
                opt.step()
            zero_grad_all()
            if args.warmup_steps <= 20 or (warmup_step + 1) % 10 == 0 or warmup_step + 1 == args.warmup_steps:
                log0(f"warmup_step:{warmup_step + 1}/{args.warmup_steps}")
        base_model.load_state_dict(initial_model_state, strict=True)
        for opt, state in zip(optimizers, initial_optimizer_states, strict=True):
            opt.load_state_dict(state)
        zero_grad_all()
        if distributed:
            model.require_backward_grad_sync = True
        train_loader = base.DistributedTokenLoader(args.train_files, rank, world_size, device)

    training_time_ms = 0.0
    stop_after_step: int | None = None
    torch.cuda.synchronize()
    t0 = time.perf_counter()

    step = 0
    while True:
        last_step = step == args.iterations or (stop_after_step is not None and step >= stop_after_step)
        should_validate = last_step or (args.val_loss_every > 0 and step % args.val_loss_every == 0)
        if should_validate:
            torch.cuda.synchronize()
            training_time_ms += 1000.0 * (time.perf_counter() - t0)
            base_model.set_eval_head("probe")
            val_loss, val_bpb = base.eval_val(
                args,
                eval_model,
                rank,
                world_size,
                device,
                grad_accum_steps,
                val_tokens,
                base_bytes_lut,
                has_leading_space_lut,
                is_boundary_token_lut,
            )
            base_model.clear_rotary_caches()
            base_model.set_eval_head("probe")
            log0(
                f"step:{step}/{args.iterations} val_loss:{val_loss:.4f} val_bpb:{val_bpb:.4f} "
                f"probe_val_loss:{val_loss:.4f} probe_val_bpb:{val_bpb:.4f} "
                f"train_time:{training_time_ms:.0f}ms step_avg:{training_time_ms / max(step, 1):.2f}ms"
            )
            if args.val_loss_every > 0:
                diag = base_model.token_view_diagnostics()
                log0(
                    "token_view_diag:"
                    f"step:{step}/{args.iterations} "
                    f"token_view_norm_mean:{diag['token_view_norm_mean']:.4f} "
                    f"token_view_norm_std:{diag['token_view_norm_std']:.4f} "
                    f"token_view_dim_std_mean:{diag['token_view_dim_std_mean']:.4f} "
                    f"token_view_eff_rank:{diag['token_view_eff_rank']:.4f} "
                    f"token_view_eff_rank_ratio:{diag['token_view_eff_rank_ratio']:.4f} "
                    f"token_view_cos_off_mean:{diag['token_view_cos_off_mean']:.4f} "
                    f"dirs_sum:{diag['dirs_sum']:.4f}"
                )
            torch.cuda.synchronize()
            t0 = time.perf_counter()

        if last_step:
            if stop_after_step is not None and step < args.iterations:
                log0(
                    f"stopping_early: wallclock_cap train_time:{training_time_ms:.0f}ms "
                    f"step:{step}/{args.iterations}"
                )
            break

        elapsed_ms = training_time_ms + 1000.0 * (time.perf_counter() - t0)
        scale = lr_mul(step, elapsed_ms)
        schedule_pos = step % (args.lejepa_steps_per_probe + 1)
        stage = "lejepa" if schedule_pos < args.lejepa_steps_per_probe else "probe"
        base_model.set_stage(stage)
        next_step = step + 1
        will_log_train = (
            args.train_log_every > 0
            and (
                next_step <= 10
                or next_step % args.train_log_every == 0
                or stage == "probe"
                or stop_after_step is not None
            )
        )
        base_model.collect_lejepa_diagnostics = stage == "lejepa" and will_log_train
        active_optimizers = pretrain_optimizers if stage == "lejepa" else probe_optimizers
        if stage == "lejepa":
            base_model.resample_sigreg_dirs(step)
        zero_grad_all()
        train_loss = torch.zeros((), device=device)
        train_inv_loss = torch.zeros((), device=device)
        train_sigreg_loss = torch.zeros((), device=device)
        train_view_norm = torch.zeros((), device=device)
        train_global_cos = torch.zeros((), device=device)
        train_local_cos = torch.zeros((), device=device)
        train_view_spread = torch.zeros((), device=device)
        train_view_eff_rank = torch.zeros((), device=device)
        train_view_eff_rank_ratio = torch.zeros((), device=device)
        train_sigreg_view_eff_rank = torch.zeros((), device=device)
        train_sigreg_view_eff_rank_ratio = torch.zeros((), device=device)
        train_sigreg_samples = torch.zeros((), device=device)
        train_global_mask_jaccard = torch.zeros((), device=device)
        train_local_mask_jaccard = torch.zeros((), device=device)
        train_global_pooled_cos = torch.zeros((), device=device)
        train_local_pooled_cos = torch.zeros((), device=device)
        train_probe_loss = torch.zeros((), device=device)
        train_probe_acc = torch.zeros((), device=device)
        train_probe_entropy = torch.zeros((), device=device)
        for micro_step in range(grad_accum_steps):
            if distributed:
                model.require_backward_grad_sync = micro_step == grad_accum_steps - 1
            x, y = train_loader.next_batch(args.train_batch_tokens, args.train_seq_len, grad_accum_steps)
            with torch.autocast(device_type="cuda", dtype=torch.bfloat16, enabled=True):
                loss = model(x, y)
            train_loss += loss.detach()
            if stage == "lejepa":
                train_inv_loss += base_model.last_inv_loss.detach()
                train_sigreg_loss += base_model.last_sigreg_loss.detach()
                train_view_norm += base_model.last_view_norm.detach()
                train_global_cos += base_model.last_global_cos.detach()
                train_local_cos += base_model.last_local_cos.detach()
                train_view_spread += base_model.last_view_spread.detach()
                train_sigreg_samples += base_model.last_sigreg_samples.detach()
                if base_model.collect_lejepa_diagnostics:
                    train_view_eff_rank += base_model.last_view_eff_rank.detach()
                    train_view_eff_rank_ratio += base_model.last_view_eff_rank_ratio.detach()
                    train_sigreg_view_eff_rank += base_model.last_sigreg_view_eff_rank.detach()
                    train_sigreg_view_eff_rank_ratio += base_model.last_sigreg_view_eff_rank_ratio.detach()
                    train_global_mask_jaccard += base_model.last_global_mask_jaccard.detach()
                    train_local_mask_jaccard += base_model.last_local_mask_jaccard.detach()
                    train_global_pooled_cos += base_model.last_global_pooled_cos.detach()
                    train_local_pooled_cos += base_model.last_local_pooled_cos.detach()
            else:
                train_probe_loss += base_model.last_probe_loss.detach()
                train_probe_acc += base_model.last_probe_acc.detach()
                train_probe_entropy += base_model.last_probe_entropy.detach()
            (loss * grad_scale).backward()
        train_loss /= grad_accum_steps
        if stage == "lejepa":
            train_inv_loss /= grad_accum_steps
            train_sigreg_loss /= grad_accum_steps
            train_view_norm /= grad_accum_steps
            train_global_cos /= grad_accum_steps
            train_local_cos /= grad_accum_steps
            train_view_spread /= grad_accum_steps
            train_sigreg_samples /= grad_accum_steps
            if base_model.collect_lejepa_diagnostics:
                train_view_eff_rank /= grad_accum_steps
                train_view_eff_rank_ratio /= grad_accum_steps
                train_sigreg_view_eff_rank /= grad_accum_steps
                train_sigreg_view_eff_rank_ratio /= grad_accum_steps
                train_global_mask_jaccard /= grad_accum_steps
                train_local_mask_jaccard /= grad_accum_steps
                train_global_pooled_cos /= grad_accum_steps
                train_local_pooled_cos /= grad_accum_steps
        else:
            train_probe_loss /= grad_accum_steps
            train_probe_acc /= grad_accum_steps
            train_probe_entropy /= grad_accum_steps

        for opt in active_optimizers:
            for group in opt.param_groups:
                group["lr"] = group["base_lr"] * scale

        if args.grad_clip_norm > 0:
            active_params = [p for opt in active_optimizers for group in opt.param_groups for p in group["params"]]
            torch.nn.utils.clip_grad_norm_(active_params, args.grad_clip_norm)
        for opt in active_optimizers:
            opt.step()
        zero_grad_all()

        step += 1
        approx_training_time_ms = training_time_ms + 1000.0 * (time.perf_counter() - t0)
        should_log_train = will_log_train
        if should_log_train:
            if stage == "lejepa":
                diag = base_model.token_view_diagnostics()
                log0(
                    f"step:{step}/{args.iterations} train_loss:{train_loss.item():.4f} "
                    f"stage_id:0.0 lejepa_loss:{train_loss.item():.4f} "
                    f"inv_loss:{train_inv_loss.item():.4f} sigreg_loss:{train_sigreg_loss.item():.4f} "
                    f"view_norm:{train_view_norm.item():.4f} global_cos:{train_global_cos.item():.4f} "
                    f"local_cos:{train_local_cos.item():.4f} view_spread:{train_view_spread.item():.4f} "
                    f"view_eff_rank:{train_view_eff_rank.item():.4f} "
                    f"view_eff_rank_ratio:{train_view_eff_rank_ratio.item():.4f} "
                    f"latent_eff_rank:{train_view_eff_rank.item():.4f} "
                    f"latent_eff_rank_ratio:{train_view_eff_rank_ratio.item():.4f} "
                    f"sigreg_view_eff_rank:{train_sigreg_view_eff_rank.item():.4f} "
                    f"sigreg_view_eff_rank_ratio:{train_sigreg_view_eff_rank_ratio.item():.4f} "
                    f"sigreg_samples:{train_sigreg_samples.item():.0f} "
                    f"next_pred_cos:{train_global_pooled_cos.item():.4f} "
                    f"context_target_cos:{train_local_pooled_cos.item():.4f} "
                    f"token_view_eff_rank:{diag['token_view_eff_rank']:.4f} "
                    f"token_view_eff_rank_ratio:{diag['token_view_eff_rank_ratio']:.4f} "
                    f"token_view_cos_off_mean:{diag['token_view_cos_off_mean']:.4f} "
                    f"token_view_dim_std_mean:{diag['token_view_dim_std_mean']:.4f} "
                    f"train_time:{approx_training_time_ms:.0f}ms step_avg:{approx_training_time_ms / step:.2f}ms"
                )
            else:
                probe_norm = base_model.probe_head.weight.detach().float().norm(dim=-1).mean()
                log0(
                    f"step:{step}/{args.iterations} train_loss:{train_loss.item():.4f} "
                    f"stage_id:1.0 probe_loss:{train_probe_loss.item():.4f} "
                    f"probe_acc:{train_probe_acc.item():.4f} probe_entropy:{train_probe_entropy.item():.4f} "
                    f"probe_head_norm:{probe_norm.item():.4f} "
                    f"train_time:{approx_training_time_ms:.0f}ms step_avg:{approx_training_time_ms / step:.2f}ms"
                )

        reached_cap = max_wallclock_ms is not None and approx_training_time_ms >= max_wallclock_ms
        if distributed and max_wallclock_ms is not None:
            reached_cap_tensor = torch.tensor(int(reached_cap), device=device)
            dist.all_reduce(reached_cap_tensor, op=dist.ReduceOp.MAX)
            reached_cap = bool(reached_cap_tensor.item())
        if stop_after_step is None and reached_cap:
            stop_after_step = step

    log0(
        f"peak memory allocated: {torch.cuda.max_memory_allocated() // 1024 // 1024} MiB "
        f"reserved: {torch.cuda.max_memory_reserved() // 1024 // 1024} MiB"
    )

    if master_process:
        torch.save(base_model.state_dict(), "final_model.pt")
        model_bytes = os.path.getsize("final_model.pt")
        code_bytes = len(code.encode("utf-8"))
        log0(f"Serialized model: {model_bytes} bytes")
        log0(f"Code size: {code_bytes} bytes")
        log0(f"Total submission size: {model_bytes + code_bytes} bytes")

    quant_obj, quant_stats = base.quantize_state_dict_int8(base_model.state_dict())
    quant_buf = io.BytesIO()
    torch.save(quant_obj, quant_buf)
    quant_raw = quant_buf.getvalue()
    quant_blob = zlib.compress(quant_raw, level=9)
    quant_raw_bytes = len(quant_raw)
    if master_process:
        with open("final_model.int8.ptz", "wb") as f:
            f.write(quant_blob)
        quant_file_bytes = os.path.getsize("final_model.int8.ptz")
        code_bytes = len(code.encode("utf-8"))
        ratio = quant_stats["baseline_tensor_bytes"] / max(quant_stats["int8_payload_bytes"], 1)
        log0(
            f"Serialized model int8+zlib: {quant_file_bytes} bytes "
            f"(payload:{quant_stats['int8_payload_bytes']} raw_torch:{quant_raw_bytes} payload_ratio:{ratio:.2f}x)"
        )
        log0(f"Total submission size int8+zlib: {quant_file_bytes + code_bytes} bytes")

    if distributed:
        dist.barrier()
    with open("final_model.int8.ptz", "rb") as f:
        quant_blob_disk = f.read()
    quant_state = torch.load(io.BytesIO(zlib.decompress(quant_blob_disk)), map_location="cpu")
    base_model.load_state_dict(base.dequantize_state_dict_int8(quant_state), strict=True)
    base_model.set_eval_head("probe")
    torch.cuda.synchronize()
    t_qeval = time.perf_counter()
    q_val_loss, q_val_bpb = base.eval_val(
        args,
        eval_model,
        rank,
        world_size,
        device,
        grad_accum_steps,
        val_tokens,
        base_bytes_lut,
        has_leading_space_lut,
        is_boundary_token_lut,
    )
    base_model.clear_rotary_caches()
    torch.cuda.synchronize()
    log0(
        f"final_int8_zlib_roundtrip val_loss:{q_val_loss:.4f} val_bpb:{q_val_bpb:.4f} "
        f"eval_time:{1000.0 * (time.perf_counter() - t_qeval):.0f}ms"
    )
    log0(f"final_int8_zlib_roundtrip_exact val_loss:{q_val_loss:.8f} val_bpb:{q_val_bpb:.8f}")

    if distributed:
        dist.destroy_process_group()


if __name__ == "__main__":
    main()

====================================================================================================
Running Python 3.14.4 (main, Apr 11 2026, 09:29:24) [GCC 15.2.1 20260209]
Running PyTorch 2.11.0
Wed Apr 29 16:00:59 2026       
+-----------------------------------------------------------------------------------------+
| NVIDIA-SMI 595.58.03              Driver Version: 595.58.03      CUDA Version: 13.2     |
+-----------------------------------------+------------------------+----------------------+
| GPU  Name                 Persistence-M | Bus-Id          Disp.A | Volatile Uncorr. ECC |
| Fan  Temp   Perf          Pwr:Usage/Cap |           Memory-Usage | GPU-Util  Compute M. |
|                                         |                        |               MIG M. |
|=========================================+========================+======================|
|   0  NVIDIA GeForce RTX 5090        Off |   00000000:01:00.0  On |                  N/A |
| 32%   49C    P0            170W /  575W |   12446MiB /  32607MiB |     49%      Default |
|                                         |                        |                  N/A |
+-----------------------------------------+------------------------+----------------------+

+-----------------------------------------------------------------------------------------+
| Processes:                                                                              |
|  GPU   GI   CI              PID   Type   Process name                        GPU Memory |
|        ID   ID                                                               Usage      |
|=========================================================================================|
|    0   N/A  N/A            4427      G   /usr/bin/niri                          1375MiB |
|    0   N/A  N/A            4543    C+G   /usr/bin/walker                         140MiB |
|    0   N/A  N/A            4688    C+G   .../lib/xdg-desktop-portal-gnome         12MiB |
|    0   N/A  N/A            4691      G   Xwayland                                  8MiB |
|    0   N/A  N/A            5477      G   /app/zen/zen                            505MiB |
|    0   N/A  N/A            5977      G   /usr/lib/vesktop/vesktop                147MiB |
|    0   N/A  N/A            7228    C+G   resources                                91MiB |
|    0   N/A  N/A            7408      G   kitty                                    34MiB |
|    0   N/A  N/A            9344      G   kitty                                    34MiB |
|    0   N/A  N/A           10343      G   kitty                                    22MiB |
|    0   N/A  N/A           22643      G   kitty                                    34MiB |
|    0   N/A  N/A           22745      G   kitty                                    34MiB |
|    0   N/A  N/A           28652    C+G   ...al/zed.app/libexec/zed-editor       3883MiB |
|    0   N/A  N/A           30406      G   kitty                                    34MiB |
|    0   N/A  N/A           37484      G   kitty                                    34MiB |
|    0   N/A  N/A           96557      G   kitty                                    34MiB |
|    0   N/A  N/A          203619      G   kitty                                    34MiB |
|    0   N/A  N/A          251808      G   kitty                                    34MiB |
|    0   N/A  N/A          255250      G   kitty                                    34MiB |
|    0   N/A  N/A          444714      G   kitty                                    22MiB |
|    0   N/A  N/A          454183      G   kitty                                    34MiB |
|    0   N/A  N/A          498204      G   kitty                                    34MiB |
|    0   N/A  N/A          518317      G   kitty                                    34MiB |
|    0   N/A  N/A          558953      G   kitty                                    34MiB |
|    0   N/A  N/A          576248      G   kitty                                    34MiB |
|    0   N/A  N/A          577644      G   kitty                                    34MiB |
|    0   N/A  N/A          798861      G   kitty                                    56MiB |
|    0   N/A  N/A          827671      G   kitty                                    34MiB |
|    0   N/A  N/A          851977      G   kitty                                    34MiB |
|    0   N/A  N/A          855118      G   kitty                                    34MiB |
|    0   N/A  N/A          910515      G   kitty                                    34MiB |
|    0   N/A  N/A          966758      G   kitty                                    34MiB |
|    0   N/A  N/A          978785      G   kitty                                    34MiB |
|    0   N/A  N/A         1067756      G   kitty                                    34MiB |
|    0   N/A  N/A         1216921      G   kitty                                    34MiB |
|    0   N/A  N/A         1235460      G   kitty                                    34MiB |
|    0   N/A  N/A         1263925      G   kitty                                    34MiB |
|    0   N/A  N/A         1265212      G   kitty                                    34MiB |
|    0   N/A  N/A         1307936      G   kitty                                    34MiB |
|    0   N/A  N/A         1376447      G   kitty                                    34MiB |
|    0   N/A  N/A         1433235      G   kitty                                    34MiB |
|    0   N/A  N/A         1517473      G   kitty                                    34MiB |
|    0   N/A  N/A         1658356    C+G   ...ersions\Base96883\SC2_x64.exe       2705MiB |
|    0   N/A  N/A         1659561      G   kitty                                    34MiB |
|    0   N/A  N/A         1788293      G   ...odules/electron/dist/electron        118MiB |
|    0   N/A  N/A         1788598      G   ...rack-uuid=3190708988185955192         33MiB |
|    0   N/A  N/A         1788599      G   ...rack-uuid=3190708988185955192         33MiB |
|    0   N/A  N/A         1909833      C   /usr/bin/python3                        498MiB |
+-----------------------------------------------------------------------------------------+

====================================================================================================
val_bpb:enabled tokenizer_kind=sentencepiece tokenizer_path=./data/tokenizers/fineweb_1024_bpe.model
train_loader:dataset:fineweb10B_sp1024 train_shards:80
val_loader:shards pattern=./data/datasets/fineweb10B_sp1024/fineweb_val_*.bin tokens:62021632
model_params:17911880
world_size:1 grad_accum_steps:8
sdp_backends:cudnn=False flash=True mem_efficient=False math=False
attention_mode:gqa num_heads:8 num_kv_heads:4
pure_lejepa_nexttoken:lambda=0.002 proj_dim=128 proj_hidden=256 proj_dropout=0.0 pred_hidden=256 schedule=interleaved lejepa_steps_per_probe=10 lejepa_lr=0.0001 lejepa_weight_decay=0.05 probe_lr=0.02 sigreg_slices=1024 sigreg_points=17 sigreg_t_max=5.0 sigreg_tokens=1024 sigreg_slice_chunk=256 sigreg_effective_t_points=9 target=next_token_embedding_latent head=detached_online_linear_probe
tie_embeddings:True lejepa_optimizer:adamw lejepa_lr:0.0001 probe_lr:0.02
train_batch_tokens:524288 train_seq_len:1024 iterations:300 warmup_steps:20 max_wallclock_seconds:0.000
seed:1337
warmup_step:1/20
warmup_step:2/20
warmup_step:3/20
warmup_step:4/20
warmup_step:5/20
warmup_step:6/20
warmup_step:7/20
warmup_step:8/20
warmup_step:9/20
warmup_step:10/20
warmup_step:11/20
warmup_step:12/20
warmup_step:13/20
warmup_step:14/20
warmup_step:15/20
warmup_step:16/20
warmup_step:17/20
warmup_step:18/20
warmup_step:19/20
warmup_step:20/20
step:0/300 val_loss:6.9315 val_bpb:4.1052 probe_val_loss:6.9315 probe_val_bpb:4.1052 train_time:0ms step_avg:0.01ms
token_view_diag:step:0/300 token_view_norm_mean:6.5142 token_view_norm_std:0.4073 token_view_dim_std_mean:0.5424 token_view_eff_rank:89.1393 token_view_eff_rank_ratio:0.6964 token_view_cos_off_mean:0.1132 dirs_sum:20.5688
step:1/300 train_loss:0.6605 stage_id:0.0 lejepa_loss:0.6605 inv_loss:0.3379 sigreg_loss:162.0000 view_norm:6.5625 global_cos:0.0000 local_cos:0.1260 view_spread:6.5625 view_eff_rank:77.5625 view_eff_rank_ratio:0.6060 latent_eff_rank:77.5625 latent_eff_rank_ratio:0.6060 sigreg_view_eff_rank:77.5625 sigreg_view_eff_rank_ratio:0.6060 sigreg_samples:1024 next_pred_cos:0.0000 context_target_cos:0.1260 token_view_eff_rank:88.1449 token_view_eff_rank_ratio:0.6886 token_view_cos_off_mean:0.0898 token_view_dim_std_mean:0.5509 train_time:6757ms step_avg:6757.27ms
step:2/300 train_loss:0.6164 stage_id:0.0 lejepa_loss:0.6164 inv_loss:0.3250 sigreg_loss:146.2500 view_norm:6.4688 global_cos:0.2671 local_cos:0.0729 view_spread:6.4375 view_eff_rank:77.8125 view_eff_rank_ratio:0.6079 latent_eff_rank:77.8125 latent_eff_rank_ratio:0.6079 sigreg_view_eff_rank:77.8125 sigreg_view_eff_rank_ratio:0.6079 sigreg_samples:1024 next_pred_cos:0.2671 context_target_cos:0.0729 token_view_eff_rank:87.0454 token_view_eff_rank_ratio:0.6800 token_view_cos_off_mean:0.0638 token_view_dim_std_mean:0.5593 train_time:9065ms step_avg:4532.58ms
step:3/300 train_loss:0.5888 stage_id:0.0 lejepa_loss:0.5888 inv_loss:0.3115 sigreg_loss:139.0000 view_norm:6.3438 global_cos:0.2180 local_cos:0.0276 view_spread:6.3086 view_eff_rank:77.5000 view_eff_rank_ratio:0.6055 latent_eff_rank:77.5000 latent_eff_rank_ratio:0.6055 sigreg_view_eff_rank:77.5000 sigreg_view_eff_rank_ratio:0.6055 sigreg_samples:1024 next_pred_cos:0.2180 context_target_cos:0.0276 token_view_eff_rank:85.9496 token_view_eff_rank_ratio:0.6715 token_view_cos_off_mean:0.0510 token_view_dim_std_mean:0.5675 train_time:11421ms step_avg:3807.00ms
step:4/300 train_loss:0.5717 stage_id:0.0 lejepa_loss:0.5717 inv_loss:0.3049 sigreg_loss:133.6250 view_norm:6.2852 global_cos:0.1945 local_cos:0.0083 view_spread:6.2383 view_eff_rank:76.8125 view_eff_rank_ratio:0.6001 latent_eff_rank:76.8125 latent_eff_rank_ratio:0.6001 sigreg_view_eff_rank:76.8125 sigreg_view_eff_rank_ratio:0.6001 sigreg_samples:1024 next_pred_cos:0.1945 context_target_cos:0.0083 token_view_eff_rank:84.7417 token_view_eff_rank_ratio:0.6620 token_view_cos_off_mean:0.0354 token_view_dim_std_mean:0.5758 train_time:13794ms step_avg:3448.60ms
step:5/300 train_loss:0.5548 stage_id:0.0 lejepa_loss:0.5548 inv_loss:0.2966 sigreg_loss:129.5000 view_norm:6.1875 global_cos:0.1586 local_cos:-0.0047 view_spread:6.1484 view_eff_rank:76.8125 view_eff_rank_ratio:0.6001 latent_eff_rank:76.8125 latent_eff_rank_ratio:0.6001 sigreg_view_eff_rank:76.8125 sigreg_view_eff_rank_ratio:0.6001 sigreg_samples:1024 next_pred_cos:0.1586 context_target_cos:-0.0047 token_view_eff_rank:83.5333 token_view_eff_rank_ratio:0.6526 token_view_cos_off_mean:0.0266 token_view_dim_std_mean:0.5839 train_time:16142ms step_avg:3228.36ms
step:6/300 train_loss:0.5443 stage_id:0.0 lejepa_loss:0.5443 inv_loss:0.2915 sigreg_loss:126.4375 view_norm:6.1328 global_cos:0.1327 local_cos:-0.0061 view_spread:6.0938 view_eff_rank:75.6250 view_eff_rank_ratio:0.5908 latent_eff_rank:75.6250 latent_eff_rank_ratio:0.5908 sigreg_view_eff_rank:75.6250 sigreg_view_eff_rank_ratio:0.5908 sigreg_samples:1024 next_pred_cos:0.1327 context_target_cos:-0.0061 token_view_eff_rank:82.3439 token_view_eff_rank_ratio:0.6433 token_view_cos_off_mean:0.0207 token_view_dim_std_mean:0.5919 train_time:18544ms step_avg:3090.74ms
step:7/300 train_loss:0.5345 stage_id:0.0 lejepa_loss:0.5345 inv_loss:0.2871 sigreg_loss:123.9375 view_norm:6.0859 global_cos:0.1165 local_cos:-0.0073 view_spread:6.0352 view_eff_rank:75.5000 view_eff_rank_ratio:0.5898 latent_eff_rank:75.5000 latent_eff_rank_ratio:0.5898 sigreg_view_eff_rank:75.5000 sigreg_view_eff_rank_ratio:0.5898 sigreg_samples:1024 next_pred_cos:0.1165 context_target_cos:-0.0073 token_view_eff_rank:81.1292 token_view_eff_rank_ratio:0.6338 token_view_cos_off_mean:0.0142 token_view_dim_std_mean:0.5998 train_time:20983ms step_avg:2997.62ms
step:8/300 train_loss:0.5229 stage_id:0.0 lejepa_loss:0.5229 inv_loss:0.2842 sigreg_loss:119.6875 view_norm:6.0312 global_cos:0.0961 local_cos:-0.0061 view_spread:6.0000 view_eff_rank:75.3125 view_eff_rank_ratio:0.5884 latent_eff_rank:75.3125 latent_eff_rank_ratio:0.5884 sigreg_view_eff_rank:75.3125 sigreg_view_eff_rank_ratio:0.5884 sigreg_samples:1024 next_pred_cos:0.0961 context_target_cos:-0.0061 token_view_eff_rank:79.9755 token_view_eff_rank_ratio:0.6248 token_view_cos_off_mean:0.0108 token_view_dim_std_mean:0.6073 train_time:23426ms step_avg:2928.27ms
step:9/300 train_loss:0.5176 stage_id:0.0 lejepa_loss:0.5176 inv_loss:0.2808 sigreg_loss:118.6250 view_norm:5.9766 global_cos:0.0837 local_cos:-0.0050 view_spread:5.9648 view_eff_rank:74.8750 view_eff_rank_ratio:0.5850 latent_eff_rank:74.8750 latent_eff_rank_ratio:0.5850 sigreg_view_eff_rank:74.8750 sigreg_view_eff_rank_ratio:0.5850 sigreg_samples:1024 next_pred_cos:0.0837 context_target_cos:-0.0050 token_view_eff_rank:78.8607 token_view_eff_rank_ratio:0.6161 token_view_cos_off_mean:0.0082 token_view_dim_std_mean:0.6147 train_time:25845ms step_avg:2871.67ms
step:10/300 train_loss:0.5075 stage_id:0.0 lejepa_loss:0.5075 inv_loss:0.2771 sigreg_loss:115.5000 view_norm:5.9336 global_cos:0.0742 local_cos:-0.0051 view_spread:5.9102 view_eff_rank:74.0000 view_eff_rank_ratio:0.5781 latent_eff_rank:74.0000 latent_eff_rank_ratio:0.5781 sigreg_view_eff_rank:74.0000 sigreg_view_eff_rank_ratio:0.5781 sigreg_samples:1024 next_pred_cos:0.0742 context_target_cos:-0.0051 token_view_eff_rank:77.7464 token_view_eff_rank_ratio:0.6074 token_view_cos_off_mean:0.0057 token_view_dim_std_mean:0.6219 train_time:28222ms step_avg:2822.24ms
step:11/300 train_loss:6.9315 stage_id:1.0 probe_loss:6.9375 probe_acc:0.0000 probe_entropy:6.9375 probe_head_norm:0.4524 train_time:29199ms step_avg:2654.49ms
step:20/300 train_loss:0.4540 stage_id:0.0 lejepa_loss:0.4540 inv_loss:0.2449 sigreg_loss:104.6875 view_norm:5.4414 global_cos:0.0426 local_cos:0.0007 view_spread:5.4492 view_eff_rank:67.8125 view_eff_rank_ratio:0.5298 latent_eff_rank:67.8125 latent_eff_rank_ratio:0.5298 sigreg_view_eff_rank:67.8125 sigreg_view_eff_rank_ratio:0.5298 sigreg_samples:1024 next_pred_cos:0.0426 context_target_cos:0.0007 token_view_eff_rank:69.3179 token_view_eff_rank_ratio:0.5415 token_view_cos_off_mean:-0.0000 token_view_dim_std_mean:0.6734 train_time:48552ms step_avg:2427.62ms
step:20/300 val_loss:5.5794 val_bpb:3.3044 probe_val_loss:5.5794 probe_val_bpb:3.3044 train_time:48696ms step_avg:2434.79ms
token_view_diag:step:20/300 token_view_norm_mean:7.4797 token_view_norm_std:1.5471 token_view_dim_std_mean:0.6734 token_view_eff_rank:69.3179 token_view_eff_rank_ratio:0.5415 token_view_cos_off_mean:-0.0000 dirs_sum:20.5688
step:22/300 train_loss:5.6101 stage_id:1.0 probe_loss:5.6094 probe_acc:0.0670 probe_entropy:5.3945 probe_head_norm:0.7014 train_time:51214ms step_avg:2327.90ms
step:30/300 train_loss:0.4178 stage_id:0.0 lejepa_loss:0.4178 inv_loss:0.2172 sigreg_loss:100.5625 view_norm:5.0000 global_cos:0.0567 local_cos:0.0009 view_spread:4.9922 view_eff_rank:63.0000 view_eff_rank_ratio:0.4922 latent_eff_rank:63.0000 latent_eff_rank_ratio:0.4922 sigreg_view_eff_rank:63.0000 sigreg_view_eff_rank_ratio:0.4922 sigreg_samples:1024 next_pred_cos:0.0567 context_target_cos:0.0009 token_view_eff_rank:63.2464 token_view_eff_rank_ratio:0.4941 token_view_cos_off_mean:-0.0006 token_view_dim_std_mean:0.7025 train_time:69162ms step_avg:2305.39ms
step:33/300 train_loss:5.6815 stage_id:1.0 probe_loss:5.6758 probe_acc:0.0820 probe_entropy:4.0352 probe_head_norm:0.8910 train_time:73956ms step_avg:2241.09ms
step:40/300 train_loss:0.3890 stage_id:0.0 lejepa_loss:0.3890 inv_loss:0.1842 sigreg_loss:102.7500 view_norm:4.4883 global_cos:0.0706 local_cos:0.0020 view_spread:4.4766 view_eff_rank:59.0000 view_eff_rank_ratio:0.4609 latent_eff_rank:59.0000 latent_eff_rank_ratio:0.4609 sigreg_view_eff_rank:59.0000 sigreg_view_eff_rank_ratio:0.4609 sigreg_samples:1024 next_pred_cos:0.0706 context_target_cos:0.0020 token_view_eff_rank:58.8633 token_view_eff_rank_ratio:0.4599 token_view_cos_off_mean:-0.0007 token_view_dim_std_mean:0.7131 train_time:89563ms step_avg:2239.09ms
step:40/300 val_loss:5.5028 val_bpb:3.2591 probe_val_loss:5.5028 probe_val_bpb:3.2591 train_time:89722ms step_avg:2243.06ms
token_view_diag:step:40/300 token_view_norm_mean:7.6761 token_view_norm_std:2.5599 token_view_dim_std_mean:0.7131 token_view_eff_rank:58.8633 token_view_eff_rank_ratio:0.4599 token_view_cos_off_mean:-0.0007 dirs_sum:0.1588
step:44/300 train_loss:5.5194 stage_id:1.0 probe_loss:5.5195 probe_acc:0.0771 probe_entropy:3.9395 probe_head_norm:1.0355 train_time:96493ms step_avg:2193.03ms
step:50/300 train_loss:0.3734 stage_id:0.0 lejepa_loss:0.3734 inv_loss:0.1544 sigreg_loss:109.6875 view_norm:4.0078 global_cos:0.0793 local_cos:0.0038 view_spread:3.9922 view_eff_rank:56.4375 view_eff_rank_ratio:0.4409 latent_eff_rank:56.4375 latent_eff_rank_ratio:0.4409 sigreg_view_eff_rank:56.4375 sigreg_view_eff_rank_ratio:0.4409 sigreg_samples:1024 next_pred_cos:0.0793 context_target_cos:0.0038 token_view_eff_rank:54.9357 token_view_eff_rank_ratio:0.4292 token_view_cos_off_mean:-0.0007 token_view_dim_std_mean:0.7191 train_time:109756ms step_avg:2195.12ms
step:55/300 train_loss:5.3527 stage_id:1.0 probe_loss:5.3516 probe_acc:0.0792 probe_entropy:4.2148 probe_head_norm:1.1523 train_time:119010ms step_avg:2163.81ms
step:60/300 train_loss:0.3658 stage_id:0.0 lejepa_loss:0.3658 inv_loss:0.1378 sigreg_loss:114.1875 view_norm:3.7188 global_cos:0.0840 local_cos:0.0032 view_spread:3.7031 view_eff_rank:55.7500 view_eff_rank_ratio:0.4355 latent_eff_rank:55.7500 latent_eff_rank_ratio:0.4355 sigreg_view_eff_rank:55.7500 sigreg_view_eff_rank_ratio:0.4355 sigreg_samples:1024 next_pred_cos:0.0840 context_target_cos:0.0032 token_view_eff_rank:51.1589 token_view_eff_rank_ratio:0.3997 token_view_cos_off_mean:-0.0008 token_view_dim_std_mean:0.7283 train_time:129344ms step_avg:2155.73ms
step:60/300 val_loss:5.2459 val_bpb:3.1069 probe_val_loss:5.2459 probe_val_bpb:3.1069 train_time:129434ms step_avg:2157.23ms
token_view_diag:step:60/300 token_view_norm_mean:7.5685 token_view_norm_std:3.3405 token_view_dim_std_mean:0.7283 token_view_eff_rank:51.1589 token_view_eff_rank_ratio:0.3997 token_view_cos_off_mean:-0.0008 dirs_sum:-19.0471
step:66/300 train_loss:5.2305 stage_id:1.0 probe_loss:5.2344 probe_acc:0.0738 probe_entropy:4.2734 probe_head_norm:1.2438 train_time:136792ms step_avg:2072.61ms
step:70/300 train_loss:0.3643 stage_id:0.0 lejepa_loss:0.3643 inv_loss:0.1310 sigreg_loss:116.7500 view_norm:3.5566 global_cos:0.1083 local_cos:0.0042 view_spread:3.5293 view_eff_rank:53.7500 view_eff_rank_ratio:0.4199 latent_eff_rank:53.7500 latent_eff_rank_ratio:0.4199 sigreg_view_eff_rank:53.7500 sigreg_view_eff_rank_ratio:0.4199 sigreg_samples:1024 next_pred_cos:0.1083 context_target_cos:0.0042 token_view_eff_rank:47.5977 token_view_eff_rank_ratio:0.3719 token_view_cos_off_mean:-0.0009 token_view_dim_std_mean:0.7417 train_time:142512ms step_avg:2035.88ms
step:77/300 train_loss:5.1269 stage_id:1.0 probe_loss:5.1250 probe_acc:0.0800 probe_entropy:4.2891 probe_head_norm:1.3194 train_time:151432ms step_avg:1966.65ms
step:80/300 train_loss:0.3567 stage_id:0.0 lejepa_loss:0.3567 inv_loss:0.1248 sigreg_loss:116.0625 view_norm:3.4688 global_cos:0.1383 local_cos:0.0044 view_spread:3.4316 view_eff_rank:53.0625 view_eff_rank_ratio:0.4146 latent_eff_rank:53.0625 latent_eff_rank_ratio:0.4146 sigreg_view_eff_rank:53.0625 sigreg_view_eff_rank_ratio:0.4146 sigreg_samples:1024 next_pred_cos:0.1383 context_target_cos:0.0044 token_view_eff_rank:44.3896 token_view_eff_rank_ratio:0.3468 token_view_cos_off_mean:-0.0009 token_view_dim_std_mean:0.7583 train_time:155702ms step_avg:1946.28ms
step:80/300 val_loss:5.0666 val_bpb:3.0007 probe_val_loss:5.0666 probe_val_bpb:3.0007 train_time:155788ms step_avg:1947.36ms
token_view_diag:step:80/300 token_view_norm_mean:7.7322 token_view_norm_std:3.8237 token_view_dim_std_mean:0.7583 token_view_eff_rank:44.3896 token_view_eff_rank_ratio:0.3468 token_view_cos_off_mean:-0.0009 dirs_sum:45.9377
step:88/300 train_loss:5.0005 stage_id:1.0 probe_loss:5.0039 probe_acc:0.0905 probe_entropy:4.2383 probe_head_norm:1.3853 train_time:165927ms step_avg:1885.54ms
step:90/300 train_loss:0.3500 stage_id:0.0 lejepa_loss:0.3500 inv_loss:0.1260 sigreg_loss:112.0625 view_norm:3.4961 global_cos:0.1877 local_cos:0.0049 view_spread:3.4238 view_eff_rank:51.2188 view_eff_rank_ratio:0.4001 latent_eff_rank:51.2188 latent_eff_rank_ratio:0.4001 sigreg_view_eff_rank:51.2188 sigreg_view_eff_rank_ratio:0.4001 sigreg_samples:1024 next_pred_cos:0.1877 context_target_cos:0.0049 token_view_eff_rank:41.3975 token_view_eff_rank_ratio:0.3234 token_view_cos_off_mean:-0.0009 token_view_dim_std_mean:0.7744 train_time:168737ms step_avg:1874.86ms
step:99/300 train_loss:4.9787 stage_id:1.0 probe_loss:4.9844 probe_acc:0.0930 probe_entropy:4.1328 probe_head_norm:1.4443 train_time:180275ms step_avg:1820.96ms
step:100/300 train_loss:0.3455 stage_id:0.0 lejepa_loss:0.3455 inv_loss:0.1245 sigreg_loss:110.6875 view_norm:3.6113 global_cos:0.2739 local_cos:0.0083 view_spread:3.4492 view_eff_rank:47.9688 view_eff_rank_ratio:0.3748 latent_eff_rank:47.9688 latent_eff_rank_ratio:0.3748 sigreg_view_eff_rank:47.9688 sigreg_view_eff_rank_ratio:0.3748 sigreg_samples:1024 next_pred_cos:0.2739 context_target_cos:0.0083 token_view_eff_rank:38.7314 token_view_eff_rank_ratio:0.3026 token_view_cos_off_mean:-0.0008 token_view_dim_std_mean:0.7900 train_time:181663ms step_avg:1816.63ms
step:100/300 val_loss:4.9394 val_bpb:2.9254 probe_val_loss:4.9394 probe_val_bpb:2.9254 train_time:181750ms step_avg:1817.50ms
token_view_diag:step:100/300 token_view_norm_mean:8.0079 token_view_norm_std:4.1107 token_view_dim_std_mean:0.7900 token_view_eff_rank:38.7314 token_view_eff_rank_ratio:0.3026 token_view_cos_off_mean:-0.0008 dirs_sum:1.4751
step:110/300 train_loss:4.9051 stage_id:1.0 probe_loss:4.9023 probe_acc:0.0987 probe_entropy:4.0391 probe_head_norm:1.4979 train_time:194481ms step_avg:1768.01ms
step:120/300 train_loss:0.3209 stage_id:0.0 lejepa_loss:0.3209 inv_loss:0.1312 sigreg_loss:95.0000 view_norm:4.4062 global_cos:0.4880 local_cos:0.0068 view_spread:3.6152 view_eff_rank:32.3750 view_eff_rank_ratio:0.2529 latent_eff_rank:32.3750 latent_eff_rank_ratio:0.2529 sigreg_view_eff_rank:32.3750 sigreg_view_eff_rank_ratio:0.2529 sigreg_samples:1024 next_pred_cos:0.4880 context_target_cos:0.0068 token_view_eff_rank:30.9406 token_view_eff_rank_ratio:0.2417 token_view_cos_off_mean:-0.0009 token_view_dim_std_mean:0.8286 train_time:208487ms step_avg:1737.40ms
step:120/300 val_loss:4.8884 val_bpb:2.8952 probe_val_loss:4.8884 probe_val_bpb:2.8952 train_time:208574ms step_avg:1738.11ms
token_view_diag:step:120/300 token_view_norm_mean:8.5139 token_view_norm_std:4.1550 token_view_dim_std_mean:0.8286 token_view_eff_rank:30.9406 token_view_eff_rank_ratio:0.2417 token_view_cos_off_mean:-0.0009 dirs_sum:21.5427
step:121/300 train_loss:4.9290 stage_id:1.0 probe_loss:4.9219 probe_acc:0.0928 probe_entropy:3.9902 probe_head_norm:1.5468 train_time:209268ms step_avg:1729.49ms
step:130/300 train_loss:0.3167 stage_id:0.0 lejepa_loss:0.3167 inv_loss:0.1300 sigreg_loss:93.5625 view_norm:4.7227 global_cos:0.5537 local_cos:0.0066 view_spread:3.5547 view_eff_rank:27.5625 view_eff_rank_ratio:0.2153 latent_eff_rank:27.5625 latent_eff_rank_ratio:0.2153 sigreg_view_eff_rank:27.5625 sigreg_view_eff_rank_ratio:0.2153 sigreg_samples:1024 next_pred_cos:0.5537 context_target_cos:0.0066 token_view_eff_rank:27.0482 token_view_eff_rank_ratio:0.2113 token_view_cos_off_mean:-0.0009 token_view_dim_std_mean:0.8454 train_time:221726ms step_avg:1705.58ms
step:132/300 train_loss:4.8543 stage_id:1.0 probe_loss:4.8516 probe_acc:0.0938 probe_entropy:4.0625 probe_head_norm:1.5918 train_time:223322ms step_avg:1691.83ms
step:140/300 train_loss:0.3123 stage_id:0.0 lejepa_loss:0.3123 inv_loss:0.1208 sigreg_loss:95.9375 view_norm:4.7617 global_cos:0.5874 local_cos:0.0046 view_spread:3.4023 view_eff_rank:25.6094 view_eff_rank_ratio:0.2001 latent_eff_rank:25.6094 latent_eff_rank_ratio:0.2001 sigreg_view_eff_rank:25.6094 sigreg_view_eff_rank_ratio:0.2001 sigreg_samples:1024 next_pred_cos:0.5874 context_target_cos:0.0046 token_view_eff_rank:24.9788 token_view_eff_rank_ratio:0.1951 token_view_cos_off_mean:-0.0009 token_view_dim_std_mean:0.8512 train_time:234405ms step_avg:1674.32ms
step:140/300 val_loss:4.8033 val_bpb:2.8448 probe_val_loss:4.8033 probe_val_bpb:2.8448 train_time:234492ms step_avg:1674.94ms
token_view_diag:step:140/300 token_view_norm_mean:8.7894 token_view_norm_std:4.2303 token_view_dim_std_mean:0.8512 token_view_eff_rank:24.9788 token_view_eff_rank_ratio:0.1951 token_view_cos_off_mean:-0.0009 dirs_sum:24.4118
step:143/300 train_loss:4.8245 stage_id:1.0 probe_loss:4.8281 probe_acc:0.0870 probe_entropy:4.1562 probe_head_norm:1.6317 train_time:237498ms step_avg:1660.83ms
step:150/300 train_loss:0.3120 stage_id:0.0 lejepa_loss:0.3120 inv_loss:0.1139 sigreg_loss:99.3125 view_norm:4.6953 global_cos:0.5967 local_cos:0.0077 view_spread:3.2949 view_eff_rank:24.6562 view_eff_rank_ratio:0.1926 latent_eff_rank:24.6562 latent_eff_rank_ratio:0.1926 sigreg_view_eff_rank:24.6562 sigreg_view_eff_rank_ratio:0.1926 sigreg_samples:1024 next_pred_cos:0.5967 context_target_cos:0.0077 token_view_eff_rank:24.0310 token_view_eff_rank_ratio:0.1877 token_view_cos_off_mean:-0.0008 token_view_dim_std_mean:0.8530 train_time:247815ms step_avg:1652.10ms
step:154/300 train_loss:4.8341 stage_id:1.0 probe_loss:4.8320 probe_acc:0.0931 probe_entropy:4.1484 probe_head_norm:1.6666 train_time:252487ms step_avg:1639.52ms
step:160/300 train_loss:0.3065 stage_id:0.0 lejepa_loss:0.3065 inv_loss:0.1135 sigreg_loss:96.5625 view_norm:4.7422 global_cos:0.6045 local_cos:0.0120 view_spread:3.2773 view_eff_rank:24.5000 view_eff_rank_ratio:0.1914 latent_eff_rank:24.5000 latent_eff_rank_ratio:0.1914 sigreg_view_eff_rank:24.5000 sigreg_view_eff_rank_ratio:0.1914 sigreg_samples:1024 next_pred_cos:0.6045 context_target_cos:0.0120 token_view_eff_rank:23.0453 token_view_eff_rank_ratio:0.1800 token_view_cos_off_mean:-0.0009 token_view_dim_std_mean:0.8616 train_time:261220ms step_avg:1632.62ms
step:160/300 val_loss:4.7260 val_bpb:2.7990 probe_val_loss:4.7260 probe_val_bpb:2.7990 train_time:261313ms step_avg:1633.21ms
token_view_diag:step:160/300 token_view_norm_mean:8.8228 token_view_norm_std:4.4322 token_view_dim_std_mean:0.8616 token_view_eff_rank:23.0453 token_view_eff_rank_ratio:0.1800 token_view_cos_off_mean:-0.0009 dirs_sum:-41.5330
step:165/300 train_loss:4.7801 stage_id:1.0 probe_loss:4.7773 probe_acc:0.0882 probe_entropy:4.1289 probe_head_norm:1.6967 train_time:267270ms step_avg:1619.82ms
step:170/300 train_loss:0.3028 stage_id:0.0 lejepa_loss:0.3028 inv_loss:0.1144 sigreg_loss:94.3750 view_norm:4.7812 global_cos:0.6016 local_cos:0.0203 view_spread:3.2871 view_eff_rank:24.1406 view_eff_rank_ratio:0.1886 latent_eff_rank:24.1406 latent_eff_rank_ratio:0.1886 sigreg_view_eff_rank:24.1406 sigreg_view_eff_rank_ratio:0.1886 sigreg_samples:1024 next_pred_cos:0.6016 context_target_cos:0.0203 token_view_eff_rank:22.2000 token_view_eff_rank_ratio:0.1734 token_view_cos_off_mean:-0.0007 token_view_dim_std_mean:0.8699 train_time:274335ms step_avg:1613.73ms
step:176/300 train_loss:4.6856 stage_id:1.0 probe_loss:4.6875 probe_acc:0.0931 probe_entropy:4.1523 probe_head_norm:1.7243 train_time:281695ms step_avg:1600.54ms
step:180/300 train_loss:0.2993 stage_id:0.0 lejepa_loss:0.2993 inv_loss:0.1109 sigreg_loss:94.2500 view_norm:4.7578 global_cos:0.6191 local_cos:0.0224 view_spread:3.2246 view_eff_rank:24.0781 view_eff_rank_ratio:0.1881 latent_eff_rank:24.0781 latent_eff_rank_ratio:0.1881 sigreg_view_eff_rank:24.0781 sigreg_view_eff_rank_ratio:0.1881 sigreg_samples:1024 next_pred_cos:0.6191 context_target_cos:0.0224 token_view_eff_rank:21.6133 token_view_eff_rank_ratio:0.1689 token_view_cos_off_mean:-0.0005 token_view_dim_std_mean:0.8773 train_time:287616ms step_avg:1597.87ms
step:180/300 val_loss:4.6712 val_bpb:2.7665 probe_val_loss:4.6712 probe_val_bpb:2.7665 train_time:287707ms step_avg:1598.37ms
token_view_diag:step:180/300 token_view_norm_mean:8.9271 token_view_norm_std:4.6297 token_view_dim_std_mean:0.8773 token_view_eff_rank:21.6133 token_view_eff_rank_ratio:0.1689 token_view_cos_off_mean:-0.0005 dirs_sum:-6.5063
step:187/300 train_loss:4.6961 stage_id:1.0 probe_loss:4.6992 probe_acc:0.0908 probe_entropy:4.1406 probe_head_norm:1.7493 train_time:296389ms step_avg:1584.97ms
step:190/300 train_loss:0.3040 stage_id:0.0 lejepa_loss:0.3040 inv_loss:0.1137 sigreg_loss:95.3750 view_norm:4.8242 global_cos:0.6226 local_cos:0.0164 view_spread:3.2383 view_eff_rank:23.9531 view_eff_rank_ratio:0.1871 latent_eff_rank:23.9531 latent_eff_rank_ratio:0.1871 sigreg_view_eff_rank:23.9531 sigreg_view_eff_rank_ratio:0.1871 sigreg_samples:1024 next_pred_cos:0.6226 context_target_cos:0.0164 token_view_eff_rank:20.9621 token_view_eff_rank_ratio:0.1638 token_view_cos_off_mean:-0.0008 token_view_dim_std_mean:0.8859 train_time:300582ms step_avg:1582.01ms
step:198/300 train_loss:4.7926 stage_id:1.0 probe_loss:4.7969 probe_acc:0.0947 probe_entropy:4.1719 probe_head_norm:1.7708 train_time:310764ms step_avg:1569.52ms
step:200/300 train_loss:0.2966 stage_id:0.0 lejepa_loss:0.2966 inv_loss:0.1079 sigreg_loss:94.5625 view_norm:4.7383 global_cos:0.6304 local_cos:0.0107 view_spread:3.1543 view_eff_rank:24.0156 view_eff_rank_ratio:0.1876 latent_eff_rank:24.0156 latent_eff_rank_ratio:0.1876 sigreg_view_eff_rank:24.0156 sigreg_view_eff_rank_ratio:0.1876 sigreg_samples:1024 next_pred_cos:0.6304 context_target_cos:0.0107 token_view_eff_rank:20.5853 token_view_eff_rank_ratio:0.1608 token_view_cos_off_mean:-0.0008 token_view_dim_std_mean:0.8919 train_time:313553ms step_avg:1567.76ms
step:200/300 val_loss:4.6097 val_bpb:2.7301 probe_val_loss:4.6097 probe_val_bpb:2.7301 train_time:313643ms step_avg:1568.22ms
token_view_diag:step:200/300 token_view_norm_mean:9.0353 token_view_norm_std:4.7824 token_view_dim_std_mean:0.8919 token_view_eff_rank:20.5853 token_view_eff_rank_ratio:0.1608 token_view_cos_off_mean:-0.0008 dirs_sum:17.3680
step:209/300 train_loss:4.6036 stage_id:1.0 probe_loss:4.6016 probe_acc:0.0996 probe_entropy:4.1250 probe_head_norm:1.7918 train_time:325758ms step_avg:1558.65ms
step:210/300 train_loss:0.2969 stage_id:0.0 lejepa_loss:0.2969 inv_loss:0.1092 sigreg_loss:93.8750 view_norm:4.7812 global_cos:0.6299 local_cos:0.0146 view_spread:3.1699 view_eff_rank:23.9531 view_eff_rank_ratio:0.1871 latent_eff_rank:23.9531 latent_eff_rank_ratio:0.1871 sigreg_view_eff_rank:23.9531 sigreg_view_eff_rank_ratio:0.1871 sigreg_samples:1024 next_pred_cos:0.6299 context_target_cos:0.0146 token_view_eff_rank:20.2422 token_view_eff_rank_ratio:0.1581 token_view_cos_off_mean:-0.0006 token_view_dim_std_mean:0.8978 train_time:327201ms step_avg:1558.10ms
step:220/300 train_loss:4.6742 stage_id:1.0 probe_loss:4.6680 probe_acc:0.0963 probe_entropy:4.1367 probe_head_norm:1.8115 train_time:340412ms step_avg:1547.33ms
step:220/300 val_loss:4.5820 val_bpb:2.7137 probe_val_loss:4.5820 probe_val_bpb:2.7137 train_time:340456ms step_avg:1547.53ms
token_view_diag:step:220/300 token_view_norm_mean:9.1129 token_view_norm_std:4.9154 token_view_dim_std_mean:0.9034 token_view_eff_rank:19.9549 token_view_eff_rank_ratio:0.1559 token_view_cos_off_mean:-0.0005 dirs_sum:80.1649
step:230/300 train_loss:0.3004 stage_id:0.0 lejepa_loss:0.3004 inv_loss:0.1108 sigreg_loss:94.8125 view_norm:4.8047 global_cos:0.6313 local_cos:0.0071 view_spread:3.1621 view_eff_rank:23.9531 view_eff_rank_ratio:0.1871 latent_eff_rank:23.9531 latent_eff_rank_ratio:0.1871 sigreg_view_eff_rank:23.9531 sigreg_view_eff_rank_ratio:0.1871 sigreg_samples:1024 next_pred_cos:0.6313 context_target_cos:0.0071 token_view_eff_rank:19.6741 token_view_eff_rank_ratio:0.1537 token_view_cos_off_mean:-0.0008 token_view_dim_std_mean:0.9101 train_time:354887ms step_avg:1542.99ms
step:231/300 train_loss:4.5711 stage_id:1.0 probe_loss:4.5703 probe_acc:0.1014 probe_entropy:4.1523 probe_head_norm:1.8306 train_time:355117ms step_avg:1537.30ms
step:240/300 train_loss:0.2966 stage_id:0.0 lejepa_loss:0.2966 inv_loss:0.1065 sigreg_loss:95.1250 view_norm:4.7695 global_cos:0.6372 local_cos:0.0042 view_spread:3.0957 view_eff_rank:23.9531 view_eff_rank_ratio:0.1871 latent_eff_rank:23.9531 latent_eff_rank_ratio:0.1871 sigreg_view_eff_rank:23.9531 sigreg_view_eff_rank_ratio:0.1871 sigreg_samples:1024 next_pred_cos:0.6372 context_target_cos:0.0042 token_view_eff_rank:19.6264 token_view_eff_rank_ratio:0.1533 token_view_cos_off_mean:-0.0007 token_view_dim_std_mean:0.9135 train_time:368194ms step_avg:1534.14ms
step:240/300 val_loss:4.5608 val_bpb:2.7012 probe_val_loss:4.5608 probe_val_bpb:2.7012 train_time:368285ms step_avg:1534.52ms
token_view_diag:step:240/300 token_view_norm_mean:9.1838 token_view_norm_std:5.0256 token_view_dim_std_mean:0.9135 token_view_eff_rank:19.6264 token_view_eff_rank_ratio:0.1533 token_view_cos_off_mean:-0.0007 dirs_sum:24.4299
step:242/300 train_loss:4.5482 stage_id:1.0 probe_loss:4.5508 probe_acc:0.1070 probe_entropy:4.2188 probe_head_norm:1.8483 train_time:369874ms step_avg:1528.40ms
step:250/300 train_loss:0.2942 stage_id:0.0 lejepa_loss:0.2942 inv_loss:0.1056 sigreg_loss:94.4375 view_norm:4.7969 global_cos:0.6416 local_cos:0.0112 view_spread:3.1055 view_eff_rank:24.0469 view_eff_rank_ratio:0.1879 latent_eff_rank:24.0469 latent_eff_rank_ratio:0.1879 sigreg_view_eff_rank:24.0469 sigreg_view_eff_rank_ratio:0.1879 sigreg_samples:1024 next_pred_cos:0.6416 context_target_cos:0.0112 token_view_eff_rank:19.4628 token_view_eff_rank_ratio:0.1521 token_view_cos_off_mean:-0.0005 token_view_dim_std_mean:0.9177 train_time:381407ms step_avg:1525.63ms
step:253/300 train_loss:4.5666 stage_id:1.0 probe_loss:4.5625 probe_acc:0.0983 probe_entropy:4.2188 probe_head_norm:1.8643 train_time:384591ms step_avg:1520.12ms
step:260/300 train_loss:0.2938 stage_id:0.0 lejepa_loss:0.2938 inv_loss:0.1025 sigreg_loss:95.6875 view_norm:4.7656 global_cos:0.6533 local_cos:0.0083 view_spread:3.0586 view_eff_rank:24.1094 view_eff_rank_ratio:0.1884 latent_eff_rank:24.1094 latent_eff_rank_ratio:0.1884 sigreg_view_eff_rank:24.1094 sigreg_view_eff_rank_ratio:0.1884 sigreg_samples:1024 next_pred_cos:0.6533 context_target_cos:0.0083 token_view_eff_rank:19.2102 token_view_eff_rank_ratio:0.1501 token_view_cos_off_mean:-0.0005 token_view_dim_std_mean:0.9232 train_time:394524ms step_avg:1517.40ms
step:260/300 val_loss:4.5199 val_bpb:2.6770 probe_val_loss:4.5199 probe_val_bpb:2.6770 train_time:394613ms step_avg:1517.74ms
token_view_diag:step:260/300 token_view_norm_mean:9.2446 token_view_norm_std:5.1529 token_view_dim_std_mean:0.9232 token_view_eff_rank:19.2102 token_view_eff_rank_ratio:0.1501 token_view_cos_off_mean:-0.0005 dirs_sum:-18.7422
step:264/300 train_loss:4.5136 stage_id:1.0 probe_loss:4.5156 probe_acc:0.1005 probe_entropy:4.2031 probe_head_norm:1.8796 train_time:399037ms step_avg:1511.50ms
step:270/300 train_loss:0.2920 stage_id:0.0 lejepa_loss:0.2920 inv_loss:0.1042 sigreg_loss:93.8750 view_norm:4.8633 global_cos:0.6582 local_cos:0.0052 view_spread:3.0664 view_eff_rank:24.0781 view_eff_rank_ratio:0.1881 latent_eff_rank:24.0781 latent_eff_rank_ratio:0.1881 sigreg_view_eff_rank:24.0781 sigreg_view_eff_rank_ratio:0.1881 sigreg_samples:1024 next_pred_cos:0.6582 context_target_cos:0.0052 token_view_eff_rank:18.9141 token_view_eff_rank_ratio:0.1478 token_view_cos_off_mean:-0.0008 token_view_dim_std_mean:0.9302 train_time:407460ms step_avg:1509.11ms
step:275/300 train_loss:4.4951 stage_id:1.0 probe_loss:4.4922 probe_acc:0.1042 probe_entropy:4.1445 probe_head_norm:1.8951 train_time:413280ms step_avg:1502.84ms
step:280/300 train_loss:0.2940 stage_id:0.0 lejepa_loss:0.2940 inv_loss:0.1095 sigreg_loss:92.4375 view_norm:4.9023 global_cos:0.6641 local_cos:0.0079 view_spread:3.0859 view_eff_rank:24.1562 view_eff_rank_ratio:0.1887 latent_eff_rank:24.1562 latent_eff_rank_ratio:0.1887 sigreg_view_eff_rank:24.1562 sigreg_view_eff_rank_ratio:0.1887 sigreg_samples:1024 next_pred_cos:0.6641 context_target_cos:0.0079 token_view_eff_rank:18.8499 token_view_eff_rank_ratio:0.1473 token_view_cos_off_mean:-0.0007 token_view_dim_std_mean:0.9319 train_time:420265ms step_avg:1500.95ms
step:280/300 val_loss:4.4848 val_bpb:2.6562 probe_val_loss:4.4848 probe_val_bpb:2.6562 train_time:420351ms step_avg:1501.25ms
token_view_diag:step:280/300 token_view_norm_mean:9.3264 token_view_norm_std:5.2090 token_view_dim_std_mean:0.9319 token_view_eff_rank:18.8499 token_view_eff_rank_ratio:0.1473 token_view_cos_off_mean:-0.0007 dirs_sum:22.9927
step:286/300 train_loss:4.4813 stage_id:1.0 probe_loss:4.4844 probe_acc:0.1046 probe_entropy:4.1445 probe_head_norm:1.9096 train_time:427370ms step_avg:1494.30ms
step:290/300 train_loss:0.2832 stage_id:0.0 lejepa_loss:0.2832 inv_loss:0.1018 sigreg_loss:90.7500 view_norm:4.8828 global_cos:0.6675 local_cos:0.0070 view_spread:3.0449 view_eff_rank:24.0625 view_eff_rank_ratio:0.1880 latent_eff_rank:24.0625 latent_eff_rank_ratio:0.1880 sigreg_view_eff_rank:24.0625 sigreg_view_eff_rank_ratio:0.1880 sigreg_samples:1024 next_pred_cos:0.6675 context_target_cos:0.0070 token_view_eff_rank:18.7431 token_view_eff_rank_ratio:0.1464 token_view_cos_off_mean:-0.0005 token_view_dim_std_mean:0.9355 train_time:432926ms step_avg:1492.85ms
step:297/300 train_loss:4.4579 stage_id:1.0 probe_loss:4.4609 probe_acc:0.1053 probe_entropy:4.1797 probe_head_norm:1.9231 train_time:441505ms step_avg:1486.55ms
step:300/300 train_loss:0.2875 stage_id:0.0 lejepa_loss:0.2875 inv_loss:0.1066 sigreg_loss:90.5625 view_norm:5.0117 global_cos:0.6812 local_cos:0.0061 view_spread:3.0742 view_eff_rank:24.1562 view_eff_rank_ratio:0.1887 latent_eff_rank:24.1562 latent_eff_rank_ratio:0.1887 sigreg_view_eff_rank:24.1562 sigreg_view_eff_rank_ratio:0.1887 sigreg_samples:1024 next_pred_cos:0.6812 context_target_cos:0.0061 token_view_eff_rank:18.5371 token_view_eff_rank_ratio:0.1448 token_view_cos_off_mean:-0.0006 token_view_dim_std_mean:0.9405 train_time:445657ms step_avg:1485.52ms
step:300/300 val_loss:4.4455 val_bpb:2.6329 probe_val_loss:4.4455 probe_val_bpb:2.6329 train_time:445744ms step_avg:1485.81ms
token_view_diag:step:300/300 token_view_norm_mean:9.4087 token_view_norm_std:5.2618 token_view_dim_std_mean:0.9405 token_view_eff_rank:18.5371 token_view_eff_rank_ratio:0.1448 token_view_cos_off_mean:-0.0006 dirs_sum:12.1412
peak memory allocated: 3207 MiB reserved: 3716 MiB
Serialized model: 70634780 bytes
Code size: 45503 bytes
Total submission size: 70680283 bytes
Serialized model int8+zlib: 6454753 bytes (payload:18099488 raw_torch:18147145 payload_ratio:3.90x)
Total submission size int8+zlib: 6500256 bytes
final_int8_zlib_roundtrip val_loss:5.0664 val_bpb:3.0006 eval_time:46199ms
final_int8_zlib_roundtrip_exact val_loss:5.06637528 val_bpb:3.00059282
